// Jest Snapshot v1, https://goo.gl/fbAQLP

exports[`testing Filter component Matches the snapshot 1`] = `
<td
  id="filter_space"
>
  <input
    id="cityFilter"
    onKeyUp={[Function]}
    placeholder="Search by city"
    type="text"
  />
  <input
    id="countryFilter"
    onKeyUp={[Function]}
    placeholder="Search by country"
    type="text"
  />
  <input
    id="tagFilter"
    onKeyUp={[Function]}
    placeholder="Search by tag"
    type="text"
  />
</td>
`;
